ROM0 bank #0:
  SECTION: $0000-$00c6 ($00c7 bytes) ["Game Code"]
           $0000 = Start
           $0000 = Start.init
           $0006 = Start.initTiles
           $0012 = Start.copyTiles
           $001a = Start.enableInterrupts
           $001e = Start.setPalette0
           $0026 = Start.setSprites
           $0054 = Start.enableScreen
           $0058 = Main
           $0058 = StartEnd
           $0069 = MoveSprites
           $0069 = MainEnd
           $006e = MoveSprites.moveSpritesLoop
           $0071 = MoveSprites.moveSprite
           $0082 = MoveSprites.moveLeft
           $0087 = MoveSprites.moveRight
           $008c = MoveSprites.checkDirection
           $009b = MoveSprites.directionLeft
           $00ad = MoveSprites.directionRight
           $00bf = MoveSprites.moveSpritesLoopEnd
  SECTION: $0100-$014f ($0050 bytes) ["Header"]
           $0100 = EntryPoint
  SECTION: $0150-$114f ($1000 bytes) ["Tiles"]
           $0150 = InputTiles
           $1150 = InputTilesEnd
    SLACK: $2ee9 bytes

FREE:
    ROM0: $2ee9 bytes in 1 bank
